Stack trace

javax.servlet.ServletException: java.lang.RuntimeException: Failed to instantiate class ain.tolva.FBNotifier from {"stapler-class":"ain.tolva.FBNotifier","$class":"ain.tolva.FBNotifier"}
	at org.kohsuke.stapler.Stapler.tryInvoke(Stapler.java:796)
	at org.kohsuke.stapler.Stapler.invoke(Stapler.java:876)
	at org.kohsuke.stapler.MetaClass$6.doDispatch(MetaClass.java:249)
	at org.kohsuke.stapler.NameBasedDispatcher.dispatch(NameBasedDispatcher.java:53)
	at org.kohsuke.stapler.Stapler.tryInvoke(Stapler.java:746)
	at org.kohsuke.stapler.Stapler.invoke(Stapler.java:876)
	at org.kohsuke.stapler.Stapler.invoke(Stapler.java:649)
	at org.kohsuke.stapler.Stapler.service(Stapler.java:238)
	at javax.servlet.http.HttpServlet.service(HttpServlet.java:790)
	at org.eclipse.jetty.servlet.ServletHolder.handle(ServletHolder.java:812)
	at org.eclipse.jetty.servlet.ServletHandler$CachedChain.doFilter(ServletHandler.java:1669)
	at hudson.util.PluginServletFilter$1.doFilter(PluginServletFilter.java:132)
	at hudson.util.PluginServletFilter.doFilter(PluginServletFilter.java:123)
	at org.eclipse.jetty.servlet.ServletHandler$CachedChain.doFilter(ServletHandler.java:1652)
	at hudson.security.csrf.CrumbFilter.doFilter(CrumbFilter.java:49)
	at org.eclipse.jetty.servlet.ServletHandler$CachedChain.doFilter(ServletHandler.java:1652)
	at hudson.security.ChainedServletFilter$1.doFilter(ChainedServletFilter.java:84)
	at hudson.security.ChainedServletFilter.doFilter(ChainedServletFilter.java:76)
	at hudson.security.HudsonFilter.doFilter(HudsonFilter.java:171)
	at org.eclipse.jetty.servlet.ServletHandler$CachedChain.doFilter(ServletHandler.java:1652)
	at org.kohsuke.stapler.compression.CompressionFilter.doFilter(CompressionFilter.java:49)
	at org.eclipse.jetty.servlet.ServletHandler$CachedChain.doFilter(ServletHandler.java:1652)
	at hudson.util.CharacterEncodingFilter.doFilter(CharacterEncodingFilter.java:81)
	at org.eclipse.jetty.servlet.ServletHandler$CachedChain.doFilter(ServletHandler.java:1652)
	at org.kohsuke.stapler.DiagnosticThreadNameFilter.doFilter(DiagnosticThreadNameFilter.java:30)
	at org.eclipse.jetty.servlet.ServletHandler$CachedChain.doFilter(ServletHandler.java:1652)
	at org.eclipse.jetty.servlet.ServletHandler.doHandle(ServletHandler.java:585)
	at org.eclipse.jetty.server.handler.ScopedHandler.handle(ScopedHandler.java:143)
	at org.eclipse.jetty.security.SecurityHandler.handle(SecurityHandler.java:553)
	at org.eclipse.jetty.server.session.SessionHandler.doHandle(SessionHandler.java:223)
	at org.eclipse.jetty.server.handler.ContextHandler.doHandle(ContextHandler.java:1127)
	at org.eclipse.jetty.servlet.ServletHandler.doScope(ServletHandler.java:515)
	at org.eclipse.jetty.server.session.SessionHandler.doScope(SessionHandler.java:185)
	at org.eclipse.jetty.server.handler.ContextHandler.doScope(ContextHandler.java:1061)
	at org.eclipse.jetty.server.handler.ScopedHandler.handle(ScopedHandler.java:141)
	at org.eclipse.jetty.server.handler.ContextHandlerCollection.handle(ContextHandlerCollection.java:215)
	at org.eclipse.jetty.server.handler.HandlerCollection.handle(HandlerCollection.java:110)
	at org.eclipse.jetty.server.handler.HandlerWrapper.handle(HandlerWrapper.java:97)
	at org.eclipse.jetty.server.Server.handle(Server.java:499)
	at org.eclipse.jetty.server.HttpChannel.handle(HttpChannel.java:311)
	at org.eclipse.jetty.server.HttpConnection.onFillable(HttpConnection.java:257)
	at org.eclipse.jetty.io.AbstractConnection$2.run(AbstractConnection.java:544)
	at org.eclipse.jetty.util.thread.QueuedThreadPool.runJob(QueuedThreadPool.java:635)
	at org.eclipse.jetty.util.thread.QueuedThreadPool$3.run(QueuedThreadPool.java:555)
	at java.lang.Thread.run(Thread.java:745)
Caused by: java.lang.RuntimeException: Failed to instantiate class ain.tolva.FBNotifier from {"stapler-class":"ain.tolva.FBNotifier","$class":"ain.tolva.FBNotifier"}
	at hudson.model.Descriptor.newInstance(Descriptor.java:579)
	at hudson.model.Descriptor.newInstancesFromHeteroList(Descriptor.java:941)
	at hudson.model.Descriptor.newInstancesFromHeteroList(Descriptor.java:903)
	at hudson.util.DescribableList.rebuildHetero(DescribableList.java:208)
	at hudson.maven.MavenModuleSet.submit(MavenModuleSet.java:1208)
	at hudson.model.Job.doConfigSubmit(Job.java:1206)
	at hudson.model.AbstractProject.doConfigSubmit(AbstractProject.java:796)
	at sun.reflect.NativeMethodAccessorImpl.invoke0(Native Method)
	at sun.reflect.NativeMethodAccessorImpl.invoke(NativeMethodAccessorImpl.java:62)
	at sun.reflect.DelegatingMethodAccessorImpl.invoke(DelegatingMethodAccessorImpl.java:43)
	at java.lang.reflect.Method.invoke(Method.java:497)
	at org.kohsuke.stapler.Function$InstanceFunction.invoke(Function.java:298)
	at org.kohsuke.stapler.Function.bindAndInvoke(Function.java:161)
	at org.kohsuke.stapler.Function.bindAndInvokeAndServeResponse(Function.java:96)
	at org.kohsuke.stapler.MetaClass$1.doDispatch(MetaClass.java:121)
	at org.kohsuke.stapler.NameBasedDispatcher.dispatch(NameBasedDispatcher.java:53)
	at org.kohsuke.stapler.Stapler.tryInvoke(Stapler.java:746)
	... 44 more
Caused by: java.lang.IllegalArgumentException: Failed to instantiate class ain.tolva.FBNotifier from {"stapler-class":"ain.tolva.FBNotifier","$class":"ain.tolva.FBNotifier"}
	at org.kohsuke.stapler.RequestImpl$TypePair.convertJSON(RequestImpl.java:602)
	at org.kohsuke.stapler.RequestImpl.bindJSON(RequestImpl.java:404)
	at org.kohsuke.stapler.RequestImpl.bindJSON(RequestImpl.java:400)
	at hudson.model.Descriptor.newInstance(Descriptor.java:570)
	... 60 more
Caused by: org.kohsuke.stapler.NoStaplerConstructorException: There's no @DataBoundConstructor on any constructor of class ain.tolva.FBNotifier
	at org.kohsuke.stapler.ClassDescriptor.loadConstructorParamNames(ClassDescriptor.java:177)
	at org.kohsuke.stapler.RequestImpl.instantiate(RequestImpl.java:684)
	at org.kohsuke.stapler.RequestImpl.access$200(RequestImpl.java:81)
	at org.kohsuke.stapler.RequestImpl$TypePair.convertJSON(RequestImpl.java:600)
	... 63 more